// Jest Snapshot v1, https://goo.gl/fbAQLP

exports[`Accounts should be rendered correctly 1`] = `
<div>
  <h1>
    Accounts
  </h1>
  <IntentOpener
    action="CREATE"
    closable={true}
    doctype="io.cozy.accounts"
    onComplete={[Function]}
    onDismiss={[Function]}
    options={
      Object {
        "slug": "trainline",
      }
    }
    tag="span"
  >
    <Button
      busy={false}
      className=""
      disabled={false}
      icon={null}
      label={null}
      onClick={null}
      theme=""
      type="submit"
    >
      Create account for Bouygues Box
    </Button>
  </IntentOpener>
</div>
`;
