// Jest Snapshot v1, https://goo.gl/fbAQLP

exports[`Accounts should be rendered correctly 1`] = `
<div>
  <h1>
    Create account
  </h1>
  <VerboseIntentOpener
    action="CREATE"
    doctype="io.cozy.accounts"
    onComplete={[Function]}
    onDismiss={[Function]}
    options={
      Object {
        "slug": "trainline",
      }
    }
  >
    <Button
      tag="button"
      type="submit"
    >
      Create account for Trainline
    </Button>
  </VerboseIntentOpener>
</div>
`;
