// Jest Snapshot v1, https://goo.gl/fbAQLP

exports[`Sidebar component should be rendered correctly 1`] = `
<Sidebar>
  <Nav>
    <NavItem>
      <Unknown
        className="c-nav-link"
        to="/intents"
      >
        <Icon
          className="c-nav-icon"
          icon="test-file-stub"
          spin={false}
        />
        Intents
      </Unknown>
    </NavItem>
  </Nav>
</Sidebar>
`;
