// Jest Snapshot v1, https://goo.gl/fbAQLP

exports[`Apps should be rendered correctly 1`] = `
<div>
  <h1>
    Install app
  </h1>
  <VerboseIntentOpener
    action="INSTALL"
    doctype="io.cozy.apps"
    onComplete={[Function]}
    onDismiss={[Function]}
    options={
      Object {
        "slug": "trainline",
      }
    }
  >
    <Button
      size="normal"
      tag="button"
      type="submit"
    >
      Install app Trainline
    </Button>
  </VerboseIntentOpener>
</div>
`;
